// Jest Snapshot v1, https://goo.gl/fbAQLP

exports[`Welcome Component should render previous snapshot 1`] = `
<div
  bundleversion="0.1.0"
  className="container"
>
  <Connect(ConnectedRouter)
    history={
      Object {
        "action": "POP",
        "block": [Function],
        "createHref": [Function],
        "go": [Function],
        "goBack": [Function],
        "goForward": [Function],
        "length": 1,
        "listen": [Function],
        "location": Object {
          "hash": "",
          "pathname": "/",
          "search": "",
          "state": undefined,
        },
        "push": [Function],
        "replace": [Function],
      }
    }
  >
    <Routes />
  </Connect(ConnectedRouter)>
</div>
`;
